// Jest Snapshot v1, https://goo.gl/fbAQLP

exports[`Unique indices for cards 1`] = `
Array [
  Array [
    101,
    102,
    103,
    104,
    105,
    106,
    107,
    108,
    109,
    110,
    112,
    113,
    114,
  ],
  Array [
    201,
    202,
    203,
    204,
    205,
    206,
    207,
    208,
    209,
    210,
    212,
    213,
    214,
  ],
  Array [
    301,
    302,
    303,
    304,
    305,
    306,
    307,
    308,
    309,
    310,
    312,
    313,
    314,
  ],
  Array [
    401,
    402,
    403,
    404,
    405,
    406,
    407,
    408,
    409,
    410,
    412,
    413,
    414,
  ],
]
`;
