// Jest Snapshot v1, https://goo.gl/fbAQLP

exports[`CardGraphic 1`] = `
<img
  alt="Queen of Hearts"
  class="face svelte-1lmz6nk"
  src="data:image/svg+xml;base64,PD94bWwgdmVyc2lvbj0iMS4wIiBlbmNvZGluZz0iVVRGLTgiIHN0YW5kYWxvbmU9Im5vIj8+DQo8IURPQ1RZUEUgc3ZnIFBVQkxJQyAiLS8vVzNDLy9EVEQgU1ZHIDEuMS8vRU4iICJodHRwOi8vd3d3LnczLm9yZy9HcmFwaGljcy9TVkcvMS4xL0RURC9zdmcxMS5kdGQiPg0KPHN2ZyB3aWR0aD0iMTAwJSIgaGVpZ2h0PSIxMDAlIiB2aWV3Qm94PSIwIDAgNTAwIDcwMCIgdmVyc2lvbj0iMS4xIiB4bWxucz0iaHR0cDovL3d3dy53My5vcmcvMjAwMC9zdmciIHhtbG5zOnhsaW5rPSJodHRwOi8vd3d3LnczLm9yZy8xOTk5L3hsaW5rIiB4bWw6c3BhY2U9InByZXNlcnZlIiB4bWxuczpzZXJpZj0iaHR0cDovL3d3dy5zZXJpZi5jb20vIiBzdHlsZT0iZmlsbC1ydWxlOmV2ZW5vZGQ7Y2xpcC1ydWxlOmV2ZW5vZGQ7c3Ryb2tlLWxpbmVqb2luOnJvdW5kO3N0cm9rZS1taXRlcmxpbWl0OjI7Ij4NCiAgICA8cmVjdCBpZD0iSGVhcnRzUXVlZW4iIHg9IjAiIHk9IjAiIHdpZHRoPSI1MDAiIGhlaWdodD0iNzAwIiBzdHlsZT0iZmlsbDpub25lOyIvPg0KICAgIDxwYXRoIGQ9Ik00MTMuMDIzLDQxOS45NDVjMS4zNDcsNS4xMjcgMy4yNjksOS45MzkgNS43NjgsMTQuNDM3YzIuNDk4LDQuNDk3IDcuMzMyLDExLjQ4MiAxNC41MDIsMjAuOTU1YzUuMjU4LDYuOTUyIDguNDk1LDExLjM2MiA5LjcxMiwxMy4yMzFjMS45OTksMy4wNDIgMy40NDMsNS44MzMgNC4zMzQsOC4zNzVjMC44OTEsMi41NDIgMS4zMzYsNS4xMTcgMS4zMzYsNy43MjRjMCw0LjgyMyAtMS42MDgsOC44NjQgLTQuODIzLDEyLjEyM2MtMy4yMTUsMy4yNTkgLTcuMTkxLDQuODg5IC0xMS45MjgsNC44ODljLTQuNzc5LC0wIC04LjkyOSwtMS42OTUgLTEyLjQ0OSwtNS4wODRjLTIuNjUsLTIuNTIxIC00LjgwMSwtNi4yNzkgLTYuNDUyLC0xMS4yNzZjLTEuNDM0LDQuOTEgLTMuNDU1LDguNjQ3IC02LjA2MiwxMS4yMTFjLTMuNjA3LDMuNDc2IC03Ljc3OCw1LjIxNCAtMTIuNTE0LDUuMjE0Yy00LjY5MywtMCAtOC42NjksLTEuNjE5IC0xMS45MjgsLTQuODU2Yy0zLjI1OSwtMy4yMzcgLTQuODg4LC03LjA5NCAtNC44ODgsLTExLjU2OWMtMCwtMy45MTEgMC45NTUsLTcuOTg1IDIuODY3LC0xMi4yMjFjMS45MTIsLTQuMjM3IDUuNjA2LC05Ljc4OCAxMS4wODEsLTE2LjY1M2M3LjEyNiwtOC45OTUgMTIuMzE5LC0xNi4zODIgMTUuNTc3LC0yMi4xNjFjMi41NjQsLTQuNTYzIDQuNTE5LC05LjM0MiA1Ljg2NywtMTQuMzM5WiIgc3R5bGU9ImZpbGw6cmdiKDIxMCwwLDApO2ZpbGwtcnVsZTpub256ZXJvOyIvPg0KICAgIDxwYXRoIGQ9Ik00MjguNzcxLDU4My41ODZjLTUuNDI5LC0wLjYyMyAtMTAuODU3LC0zLjExNSAtMTYuMjg2LC03LjQ3NmMtMy4zODEsLTIuNjY5IC03LjY5NywtNi45NDEgLTEyLjk0OCwtMTIuODE0bDAsNTkuOTM1YzAsMy4yMDMgMS41MzUsNi4wOTYgNC42MDYsOC42NzZjMy4wNywyLjU4MSA2LjM4NSwzLjg3MSA5Ljk0NCwzLjg3MWMzLjU2LDAgNi44OTcsLTEuMjkgMTAuMDEyLC0zLjg3MWMzLjExNCwtMi41OCA0LjY3MiwtNS40NzMgNC42NzIsLTguNjc2bC0wLC0zOS42NDVabS0yMi42OTMsLTMzLjA3NGwxNy4yMiwxNy4wMjJjMS40MjQsMS40NDIgMy4yNDgsMi4zNDMgNS40NzMsMi43MDNsLTAsLTkuNzI4Yy0wLC0zLjE1MiAtMS41NTgsLTYuMDM0IC00LjY3MiwtOC42NDZjLTMuMTE1LC0yLjYxMiAtNi40NTIsLTMuOTE4IC0xMC4wMTIsLTMuOTE4Yy0yLjc1OCwtMCAtNS40MjgsMC44NTYgLTguMDA5LDIuNTY3Wm0tMjkuNSwtMTQuMThjNS4yNSwtMCA5LjAzMiwwLjIyMiAxMS4zNDYsMC42NjdjMi42NywwLjYyMyA1LjI1LDEuODY5IDcuNzQyLDMuNzM4YzUuNjA3LC00LjUzOSAxMS43NDcsLTYuODA4IDE4LjQyMSwtNi44MDhjNy4yMDksLTAgMTMuNjYsMi41OCAxOS4zNTYsNy43NDJjNS45NjIsNS4zMzkgOC45NDMsMTEuNTY5IDguOTQzLDE4LjY4OGwwLDkuODc4bDcuMzQyLC0wbC0wLDEyLjgxNWMtMC4yNjcsMC4wODkgLTIuNzE0LDAuMjY3IC03LjM0MiwwLjUzNGwwLDM5LjY0NWMwLDcuMjA4IC0yLjk4MSwxMy40ODIgLTguOTQzLDE4LjgyMWMtNS42OTYsNS4xNjIgLTEyLjE0Nyw3Ljc0MyAtMTkuMzU2LDcuNzQzYy03LjIwOCwtMCAtMTMuNzI3LC0yLjYyNiAtMTkuNTU1LC03Ljg3NmMtNS44MjksLTUuMjUxIC04Ljc0NCwtMTEuNDggLTguNzQ0LC0xOC42ODhsMCwtNjIuODcyYzAsLTMuMDI2IDAuNjIzLC02LjAwNyAxLjg2OSwtOC45NDRjLTEuMjQ2LC0wLjggLTIuNDAzLC0xLjMzNCAtMy40NzEsLTEuNjAxbC03LjYwOCwtMGwtMCwtMTMuNDgyWiIgc3R5bGU9ImZpbGw6cmdiKDIxMCwwLDApO2ZpbGwtcnVsZTpub256ZXJvOyIvPg0KICAgIDxwYXRoIGQ9Ik04Ni45NzgsMjgwLjA2MWMtMS4zNDcsLTUuMTI4IC0zLjI3LC05Ljk0IC01Ljc2OCwtMTQuNDM4Yy0yLjQ5OSwtNC40OTcgLTcuMzMzLC0xMS40ODIgLTE0LjUwMywtMjAuOTU1Yy01LjI1OCwtNi45NTMgLTguNDk1LC0xMS4zNjMgLTkuNzEyLC0xMy4yMzJjLTEuOTk4LC0zLjA0MSAtMy40NDMsLTUuODMzIC00LjMzNCwtOC4zNzVjLTAuODkxLC0yLjU0MiAtMS4zMzYsLTUuMTE3IC0xLjMzNiwtNy43MjRjLTAsLTQuODIzIDEuNjA4LC04Ljg2NSA0LjgyMywtMTIuMTI0YzMuMjE2LC0zLjI1OSA3LjE5MiwtNC44ODggMTEuOTI4LC00Ljg4OGM0Ljc4LC0wIDguOTMsMS42OTUgMTIuNDUsNS4wODRjMi42NSwyLjUyIDQuODAxLDYuMjc5IDYuNDUyLDExLjI3NmMxLjQzNCwtNC45MSAzLjQ1NSwtOC42NDcgNi4wNjIsLTExLjIxMWMzLjYwNywtMy40NzYgNy43NzgsLTUuMjE0IDEyLjUxNSwtNS4yMTRjNC42OTMsLTAgOC42NjksMS42MTggMTEuOTI4LDQuODU2YzMuMjU5LDMuMjM3IDQuODg4LDcuMDkzIDQuODg4LDExLjU2OWMwLDMuOTExIC0wLjk1Niw3Ljk4NSAtMi44NjgsMTIuMjIxYy0xLjkxMiw0LjIzNyAtNS42MDUsOS43ODggLTExLjA4LDE2LjY1NGMtNy4xMjcsOC45OTUgLTEyLjMxOSwxNi4zODIgLTE1LjU3OCwyMi4xNjFjLTIuNTY0LDQuNTYzIC00LjUyLDkuMzQzIC01Ljg2NywxNC4zNFoiIHN0eWxlPSJmaWxsOnJnYigyMTAsMCwwKTtmaWxsLXJ1bGU6bm9uemVybzsiLz4NCiAgICA8cGF0aCBkPSJNNzEuMjMsMTE2LjQxNmM1LjQyOCwwLjYyMyAxMC44NTcsMy4xMTUgMTYuMjg1LDcuNDc1YzMuMzgyLDIuNjcgNy42OTgsNi45NDIgMTIuOTQ5LDEyLjgxNWwtMCwtNTkuOTM2Yy0wLC0zLjIwNCAtMS41MzUsLTYuMDk2IC00LjYwNSwtOC42NzdjLTMuMDcxLC0yLjU4MSAtNi4zODYsLTMuODcxIC05Ljk0NSwtMy44NzFjLTMuNTYsLTAgLTYuODk3LDEuMjkgLTEwLjAxMiwzLjg3MWMtMy4xMTUsMi41ODEgLTQuNjcyLDUuNDczIC00LjY3Miw4LjY3N2wtMCwzOS42NDZabTIyLjY5MywzMy4wNzRsLTE3LjIyLC0xNy4wMjJjLTEuNDI0LC0xLjQ0MiAtMy4yNDgsLTIuMzQzIC01LjQ3MywtMi43MDNsLTAsOS43MjhjLTAsMy4xNTIgMS41NTcsNi4wMzQgNC42NzIsOC42NDdjMy4xMTUsMi42MTIgNi40NTIsMy45MTggMTAuMDEyLDMuOTE4YzIuNzU4LC0wIDUuNDI4LC0wLjg1NiA4LjAwOSwtMi41NjhabTI5LjUwMSwxNC4xODFjLTUuMjUxLDAgLTkuMDMzLC0wLjIyMiAtMTEuMzQ3LC0wLjY2N2MtMi42NjksLTAuNjIzIC01LjI1LC0xLjg2OSAtNy43NDIsLTMuNzM4Yy01LjYwNiw0LjUzOSAtMTEuNzQ3LDYuODA4IC0xOC40MjEsNi44MDhjLTcuMjA5LDAgLTEzLjY2MSwtMi41ODEgLTE5LjM1NiwtNy43NDJjLTUuOTYzLC01LjM0IC04Ljk0NCwtMTEuNTY5IC04Ljk0NCwtMTguNjg5bC0wLC05Ljg3OGwtNy4zNDIsLTBsLTAsLTEyLjgxNWMwLjI2NywtMC4wODkgMi43MTQsLTAuMjY3IDcuMzQyLC0wLjUzNGwtMCwtMzkuNjQ2Yy0wLC03LjIwOSAyLjk4MSwtMTMuNDgzIDguOTQ0LC0xOC44MjJjNS42OTUsLTUuMTYyIDEyLjE0NywtNy43NDMgMTkuMzU2LC03Ljc0M2M3LjIwOCwwIDEzLjcyNywyLjYyNiAxOS41NTYsNy44NzZjNS44MjksNS4yNTEgOC43NDMsMTEuNDggOC43NDMsMTguNjg5bDAsNjIuODczYzAsMy4wMjYgLTAuNjIzLDYuMDA3IC0xLjg2OSw4Ljk0NGMxLjI0NiwwLjgwMSAyLjQwMywxLjMzNSAzLjQ3MSwxLjYwMmw3LjYwOSwtMGwwLDEzLjQ4MloiIHN0eWxlPSJmaWxsOnJnYigyMTAsMCwwKTtmaWxsLXJ1bGU6bm9uemVybzsiLz4NCjwvc3ZnPg0K"
/>
`;
