// Jest Snapshot v1, https://goo.gl/fbAQLP

exports[`requestNewCards 1`] = `
Array [
  Array [],
  Array [],
  Array [
    1,
    1,
    1,
    1,
    1,
  ],
  Array [
    5,
    1,
    1,
    1,
    1,
  ],
  Array [
    5,
    5,
    1,
    1,
    1,
  ],
  Array [
    5,
    5,
    5,
    1,
    1,
  ],
  Array [
    5,
    5,
    5,
    5,
    1,
  ],
  Array [
    5,
    5,
    5,
    5,
    5,
  ],
  Array [
    0,
    0,
    0,
    0,
    0,
  ],
]
`;
